usage: experiment1_psychometrics.py [-h]
                                    [--calibration_config CALIBRATION_CONFIG]
                                    [--calibration_dir CALIBRATION_DIR]
                                    [--allow_calibration_mismatch]
                                    [--estimator {mad,sd}]
                                    [--layers LAYERS [LAYERS ...]]
                                    [--families {concept,random,noise,dropout} [{concept,random,noise,dropout} ...]]
                                    [--matchings {alpha,z} [{alpha,z} ...]]
                                    [--concepts CONCEPTS [CONCEPTS ...]]
                                    [--num_random NUM_RANDOM]
                                    [--num_noise NUM_NOISE]
                                    [--num_dropout NUM_DROPOUT]
                                    [--num_pairs NUM_PAIRS]
                                    [--label_orders {AB,BA} [{AB,BA} ...]]
                                    [--alpha_doses ALPHA_DOSES [ALPHA_DOSES ...]]
                                    [--alpha_range LOW HIGH]
                                    [--z_doses Z_DOSES [Z_DOSES ...]]
                                    [--z_range LOW HIGH]
                                    [--num_doses NUM_DOSES]
                                    [--dropout_norm_source {trial,calibration}]
                                    [--contamination_trials CONTAMINATION_TRIALS]
                                    [--measure_amplitude]
                                    [--no_measure_amplitude]
                                    [--limit_trials LIMIT_TRIALS]
                                    [--seed SEED] [--model MODEL]
                                    [--output_dir OUTPUT_DIR]
                                    [--run_name RUN_NAME] [--no_progress]
                                    [--no_plots] [--dry_run]
                                    [--reanalyze RUN_DIR]
experiment1_psychometrics.py: error: concept__block_31__Dust does not reproduce: norm 19.1971321 but the calibration recorded 19.0110703. The direction the scale was estimated on is not the one being rebuilt.
